
Discarded input sections

 .group         0x00000000        0xc ../src/safety_controller.o
 .group         0x00000000        0xc ../src/safety_controller.o
 .group         0x00000000        0xc ../src/startup.o
 .group         0x00000000        0xc ../src/startup.o
 .debug_macro   0x00000000      0xad8 ../src/startup.o
 .debug_macro   0x00000000       0x22 ../src/startup.o
 .group         0x00000000        0xc ../src/winAMS_Spmc.o
 .group         0x00000000        0xc ../src/winAMS_Spmc.o
 .debug_macro   0x00000000      0xad8 ../src/winAMS_Spmc.o
 .debug_macro   0x00000000       0x22 ../src/winAMS_Spmc.o

Memory Configuration

Name             Origin             Length             Attributes
*default*        0x00000000         0xffffffff

Linker script and memory map

LOAD ../src/safety_controller.o
LOAD ../src/startup.o
LOAD ../src/winAMS_Spmc.o
                [!provide]                        PROVIDE (__executable_start = SEGMENT_START ("text-segment", 0x8000))
                0x00008000                        . = SEGMENT_START ("text-segment", 0x8000)

.note.gnu.build-id
 *(.note.gnu.build-id)

.interp
 *(.interp)

.hash
 *(.hash)

.gnu.hash
 *(.gnu.hash)

.dynsym
 *(.dynsym)

.dynstr
 *(.dynstr)

.gnu.version
 *(.gnu.version)

.gnu.version_d
 *(.gnu.version_d)

.gnu.version_r
 *(.gnu.version_r)

.rel.dyn        0x00008000        0x0
 *(.rel.init)
 *(.rel.text .rel.text.* .rel.gnu.linkonce.t.*)
 *(.rel.fini)
 *(.rel.rodata .rel.rodata.* .rel.gnu.linkonce.r.*)
 *(.rel.data.rel.ro .rel.data.rel.ro.* .rel.gnu.linkonce.d.rel.ro.*)
 *(.rel.data .rel.data.* .rel.gnu.linkonce.d.*)
 *(.rel.tdata .rel.tdata.* .rel.gnu.linkonce.td.*)
 *(.rel.tbss .rel.tbss.* .rel.gnu.linkonce.tb.*)
 *(.rel.ctors)
 *(.rel.dtors)
 *(.rel.got)
 *(.rel.bss .rel.bss.* .rel.gnu.linkonce.b.*)
                [!provide]                        PROVIDE (__rel_iplt_start = .)
 *(.rel.iplt)
 .rel.iplt      0x00008000        0x0 ../src/safety_controller.o
                [!provide]                        PROVIDE (__rel_iplt_end = .)

.rela.dyn       0x00008000        0x0
 *(.rela.init)
 *(.rela.text .rela.text.* .rela.gnu.linkonce.t.*)
 *(.rela.fini)
 *(.rela.rodata .rela.rodata.* .rela.gnu.linkonce.r.*)
 *(.rela.data .rela.data.* .rela.gnu.linkonce.d.*)
 *(.rela.tdata .rela.tdata.* .rela.gnu.linkonce.td.*)
 *(.rela.tbss .rela.tbss.* .rela.gnu.linkonce.tb.*)
 *(.rela.ctors)
 *(.rela.dtors)
 *(.rela.got)
 *(.rela.bss .rela.bss.* .rela.gnu.linkonce.b.*)
                [!provide]                        PROVIDE (__rela_iplt_start = .)
 *(.rela.iplt)
                [!provide]                        PROVIDE (__rela_iplt_end = .)

.rel.plt
 *(.rel.plt)

.rela.plt
 *(.rela.plt)

.init
 *(SORT_NONE(.init))

.plt
 *(.plt)

.iplt           0x00008000        0x0
 *(.iplt)
 .iplt          0x00008000        0x0 ../src/safety_controller.o

.gnu.sgstubs
 *(.gnu.sgstubs*)

.text           0x00008000      0xfc0
 *(.text.unlikely .text.*_unlikely .text.unlikely.*)
 *(.text.exit .text.exit.*)
 *(.text.startup .text.startup.*)
 *(.text.hot .text.hot.*)
 *(SORT_BY_NAME(.text.sorted.*))
 *(.text .stub .text.* .gnu.linkonce.t.*)
 .text          0x00008000        0x0 ../src/safety_controller.o
 .text.main     0x00008000       0xfc ../src/safety_controller.o
                0x00008000                main
 .text.clamp_int
                0x000080fc      0x1e0 ../src/safety_controller.o
 .text.SafetyController_SelfTest
                0x000082dc      0x134 ../src/safety_controller.o
                0x000082dc                SafetyController_SelfTest
 .text.SafetyController
                0x00008410      0x4d8 ../src/safety_controller.o
                0x00008410                SafetyController
 .text          0x000088e8        0x0 ../src/startup.o
 .text._start   0x000088e8       0xf8 ../src/startup.o
                0x000088e8                _start
 .text          0x000089e0        0x0 ../src/winAMS_Spmc.o
 .text.WinAMS_SPMC_Init
                0x000089e0       0x78 ../src/winAMS_Spmc.o
                0x000089e0                WinAMS_SPMC_Init
 .text.WinAMS_SPMC_Exp
                0x00008a58      0x118 ../src/winAMS_Spmc.o
                0x00008a58                WinAMS_SPMC_Exp
 .text.WinAMS_SPMC_Clr
                0x00008b70      0x104 ../src/winAMS_Spmc.o
                0x00008b70                WinAMS_SPMC_Clr
 .text.WinAMS_SPMC_Res
                0x00008c74      0x1a0 ../src/winAMS_Spmc.o
                0x00008c74                WinAMS_SPMC_Res
 .text.WinAMS_SPMC_C1
                0x00008e14       0x90 ../src/winAMS_Spmc.o
                0x00008e14                WinAMS_SPMC_C1
 .text.WinAMS_SPMC_C0
                0x00008ea4       0x90 ../src/winAMS_Spmc.o
                0x00008ea4                WinAMS_SPMC_C0
 .text.WinAMS_SPMC_CALL
                0x00008f34       0x8c ../src/winAMS_Spmc.o
                0x00008f34                WinAMS_SPMC_CALL
 *(.gnu.warning)
 *(.glue_7t)
 .glue_7t       0x00008fc0        0x0 linker stubs
 *(.glue_7)
 .glue_7        0x00008fc0        0x0 linker stubs
 *(.vfp11_veneer)
 .vfp11_veneer  0x00008fc0        0x0 linker stubs
 *(.v4_bx)
 .v4_bx         0x00008fc0        0x0 linker stubs

.fini
 *(SORT_NONE(.fini))
                [!provide]                        PROVIDE (__etext = .)
                [!provide]                        PROVIDE (_etext = .)
                [!provide]                        PROVIDE (etext = .)

.rodata         0x00008fc0       0x5f
 *(.rodata .rodata.* .gnu.linkonce.r.*)
 .rodata        0x00008fc0       0x55 ../src/safety_controller.o
 *fill*         0x00009015        0x3 
 .rodata        0x00009018        0x7 ../src/startup.o

.rodata1
 *(.rodata1)

.ARM.extab
 *(.ARM.extab* .gnu.linkonce.armextab.*)

.ARM.exidx      0x0000901f        0x0
                [!provide]                        PROVIDE (__exidx_start = .)
 *(.ARM.exidx* .gnu.linkonce.armexidx.*)
                [!provide]                        PROVIDE (__exidx_end = .)

.eh_frame_hdr
 *(.eh_frame_hdr)
 *(.eh_frame_entry .eh_frame_entry.*)

.eh_frame
 *(.eh_frame)
 *(.eh_frame.*)

.sframe
 *(.sframe)
 *(.sframe.*)

.gcc_except_table
 *(.gcc_except_table .gcc_except_table.*)

.gnu_extab
 *(.gnu_extab*)

.exception_ranges
 *(.exception_ranges*)

.note.build-id
 *(.note.build-id)

.note.GNU-stack
 *(.note.GNU-stack)

.note.gnu-property
 *(.note.gnu-property)

.note.ABI-tag
 *(.note.ABI-tag)

.note.package
 *(.note.package)

.note.dlopen
 *(.note.dlopen)

.note.netbsd.ident
 *(.note.netbsd.ident)

.note.openbsd.ident
 *(.note.openbsd.ident)
                0x0000a01f                        . = (ALIGN (CONSTANT (MAXPAGESIZE)) + (. & (CONSTANT (MAXPAGESIZE) - 0x1)))

.eh_frame
 *(.eh_frame)
 *(.eh_frame.*)

.sframe
 *(.sframe)
 *(.sframe.*)

.gnu_extab
 *(.gnu_extab)

.gcc_except_table
 *(.gcc_except_table .gcc_except_table.*)

.exception_ranges
 *(.exception_ranges*)

.tdata          0x0000a01f        0x0
                [!provide]                        PROVIDE (__tdata_start = .)
 *(.tdata .tdata.* .gnu.linkonce.td.*)

.tbss
 *(.tbss .tbss.* .gnu.linkonce.tb.*)
 *(.tcommon)

.preinit_array  0x0000a01f        0x0
                [!provide]                        PROVIDE (__preinit_array_start = .)
 *(.preinit_array)
                [!provide]                        PROVIDE (__preinit_array_end = .)

.init_array     0x0000a01f        0x0
                [!provide]                        PROVIDE (__init_array_start = .)
 *(SORT_BY_INIT_PRIORITY(.init_array.*) SORT_BY_INIT_PRIORITY(.ctors.*))
 *(.init_array EXCLUDE_FILE(*crtend?.o *crtend.o *crtbegin?.o *crtbegin.o) .ctors)
                [!provide]                        PROVIDE (__init_array_end = .)

.fini_array     0x0000a01f        0x0
                [!provide]                        PROVIDE (__fini_array_start = .)
 *(SORT_BY_INIT_PRIORITY(.fini_array.*) SORT_BY_INIT_PRIORITY(.dtors.*))
 *(.fini_array EXCLUDE_FILE(*crtend?.o *crtend.o *crtbegin?.o *crtbegin.o) .dtors)
                [!provide]                        PROVIDE (__fini_array_end = .)

.ctors
 *crtbegin.o(.ctors)
 *crtbegin?.o(.ctors)
 *(EXCLUDE_FILE(*crtend?.o *crtend.o) .ctors)
 *(SORT_BY_NAME(.ctors.*))
 *(.ctors)

.dtors
 *crtbegin.o(.dtors)
 *crtbegin?.o(.dtors)
 *(EXCLUDE_FILE(*crtend?.o *crtend.o) .dtors)
 *(SORT_BY_NAME(.dtors.*))
 *(.dtors)

.jcr
 *(.jcr)

.data.rel.ro
 *(.data.rel.ro.local* .gnu.linkonce.d.rel.ro.local.*)
 *(.data.rel.ro .data.rel.ro.* .gnu.linkonce.d.rel.ro.*)

.dynamic
 *(.dynamic)

.got            0x0000a020        0x0
 *(.got.plt)
 *(.igot.plt)
 .igot.plt      0x0000a020        0x0 ../src/safety_controller.o
 *(.got)
 *(.igot)

.data           0x0000a020        0x4
                0x0000a020                        __data_start = .
 *(.data .data.* .gnu.linkonce.d.*)
 .data          0x0000a020        0x0 ../src/safety_controller.o
 .data          0x0000a020        0x0 ../src/startup.o
 .data          0x0000a020        0x0 ../src/winAMS_Spmc.o
 .data.WinAMS_SPMC_Init_ptr
                0x0000a020        0x4 ../src/winAMS_Spmc.o
                0x0000a020                WinAMS_SPMC_Init_ptr

.data1
 *(.data1)
                0x0000a024                        _edata = .
                [!provide]                        PROVIDE (edata = .)

.persistent     0x0000a024        0x0
                [!provide]                        PROVIDE (__persistent_start = .)
 *(.persistent .persistent.* .gnu.linkonce.p.*)
                0x0000a024                        . = ALIGN (0x4)
                [!provide]                        PROVIDE (__persistent_end = .)
                0x0000a024                        . = ALIGN (ALIGNOF (NEXT_SECTION))
                0x0000a024                        __bss_start = .
                0x0000a024                        __bss_start__ = .

.bss            0x0000a024      0x424
 *(.dynbss)
 *(.bss .bss.* .gnu.linkonce.b.*)
 .bss           0x0000a024        0x0 ../src/safety_controller.o
 .bss           0x0000a024        0x0 ../src/startup.o
 .bss           0x0000a024        0x0 ../src/winAMS_Spmc.o
 .bss.WinAMS_SPMC
                0x0000a024        0x1 ../src/winAMS_Spmc.o
                0x0000a024                WinAMS_SPMC
 *fill*         0x0000a025        0x3 
 .bss.WinAMS_SPMC_bits
                0x0000a028      0x400 ../src/winAMS_Spmc.o
                0x0000a028                WinAMS_SPMC_bits
 .bss.WinAMS_SPMC_nest
                0x0000a428        0x2 ../src/winAMS_Spmc.o
                0x0000a428                WinAMS_SPMC_nest
 .bss.WinAMS_SPMC_expcnt
                0x0000a42a        0x2 ../src/winAMS_Spmc.o
                0x0000a42a                WinAMS_SPMC_expcnt
 .bss.WinAMS_SPMC_ID
                0x0000a42c        0x4 ../src/winAMS_Spmc.o
                0x0000a42c                WinAMS_SPMC_ID
 .bss.WinAMS_SPMC_line
                0x0000a430        0x4 ../src/winAMS_Spmc.o
                0x0000a430                WinAMS_SPMC_line
 .bss.WinAMS_SPMC_Blk_ID
                0x0000a434        0x4 ../src/winAMS_Spmc.o
                0x0000a434                WinAMS_SPMC_Blk_ID
 .bss.WinAMS_SPMC_funcname
                0x0000a438        0x4 ../src/winAMS_Spmc.o
                0x0000a438                WinAMS_SPMC_funcname
 .bss.WinAMS_SPMC_resVal
                0x0000a43c        0x4 ../src/winAMS_Spmc.o
                0x0000a43c                WinAMS_SPMC_resVal
 .bss.WinAMS_SPMC_maxCondCnt
                0x0000a440        0x2 ../src/winAMS_Spmc.o
                0x0000a440                WinAMS_SPMC_maxCondCnt
 .bss.WinAMS_SPMC_maxCondNest
                0x0000a442        0x2 ../src/winAMS_Spmc.o
                0x0000a442                WinAMS_SPMC_maxCondNest
 .bss.WinAMS_SPMC_Lock
                0x0000a444        0x1 ../src/winAMS_Spmc.o
                0x0000a444                WinAMS_SPMC_Lock
 *(COMMON)
                0x0000a448                        . = ALIGN ((. != 0x0)?0x4:0x1)
 *fill*         0x0000a445        0x3 
                0x0000a448                        _bss_end__ = .
                0x0000a448                        __bss_end__ = .

.noinit         0x0000a448        0x0
                [!provide]                        PROVIDE (__noinit_start = .)
 *(.noinit .noinit.* .gnu.linkonce.n.*)
                0x0000a448                        . = ALIGN (0x4)
                [!provide]                        PROVIDE (__noinit_end = .)
                0x0000a448                        . = ALIGN (0x4)
                0x0000a448                        . = SEGMENT_START ("ldata-segment", .)
                0x0000a448                        . = ALIGN (0x4)
                0x0000a448                        __end__ = .
                0x0000a448                        _end = .
                [!provide]                        PROVIDE (end = .)

.stack          0x00080000        0x0
                0x00080000                        _stack = .
 *(.stack)

.stab
 *(.stab)

.stabstr
 *(.stabstr)

.stab.excl
 *(.stab.excl)

.stab.exclstr
 *(.stab.exclstr)

.stab.index
 *(.stab.index)

.stab.indexstr
 *(.stab.indexstr)

.comment        0x00000000       0x45
 *(.comment)
 .comment       0x00000000       0x45 ../src/safety_controller.o
                                 0x46 (size before relaxing)
 .comment       0x00000045        0x0 ../src/startup.o
                                 0x46 (size before relaxing)
 .comment       0x00000045        0x0 ../src/winAMS_Spmc.o
                                 0x46 (size before relaxing)

.gnu.build.attributes
 *(.gnu.build.attributes .gnu.build.attributes.*)

.debug
 *(.debug)

.line
 *(.line)

.debug_srcinfo
 *(.debug_srcinfo)

.debug_sfnames
 *(.debug_sfnames)

.debug_aranges  0x00000000       0xa8
 *(.debug_aranges)
 .debug_aranges
                0x00000000       0x38 ../src/safety_controller.o
 .debug_aranges
                0x00000038       0x20 ../src/startup.o
 .debug_aranges
                0x00000058       0x50 ../src/winAMS_Spmc.o

.debug_pubnames
 *(.debug_pubnames)

.debug_info     0x00000000      0x7a3
 *(.debug_info .gnu.linkonce.wi.*)
 .debug_info    0x00000000      0x286 ../src/safety_controller.o
 .debug_info    0x00000286      0x149 ../src/startup.o
 .debug_info    0x000003cf      0x3d4 ../src/winAMS_Spmc.o

.debug_abbrev   0x00000000      0x37e
 *(.debug_abbrev)
 .debug_abbrev  0x00000000      0x166 ../src/safety_controller.o
 .debug_abbrev  0x00000166       0xc5 ../src/startup.o
 .debug_abbrev  0x0000022b      0x153 ../src/winAMS_Spmc.o

.debug_line     0x00000000      0x793
 *(.debug_line .debug_line.* .debug_line_end)
 .debug_line    0x00000000      0x45a ../src/safety_controller.o
 .debug_line    0x0000045a      0x119 ../src/startup.o
 .debug_line    0x00000573      0x220 ../src/winAMS_Spmc.o

.debug_frame    0x00000000      0x1b4
 *(.debug_frame)
 .debug_frame   0x00000000       0x94 ../src/safety_controller.o
 .debug_frame   0x00000094       0x30 ../src/startup.o
 .debug_frame   0x000000c4       0xf0 ../src/winAMS_Spmc.o

.debug_str      0x00000000     0x3203
 *(.debug_str)
 .debug_str     0x00000000     0x3203 ../src/safety_controller.o
                               0x30e4 (size before relaxing)
 .debug_str     0x00003203        0x0 ../src/startup.o
                               0x301e (size before relaxing)
 .debug_str     0x00003203        0x0 ../src/winAMS_Spmc.o
                               0x3171 (size before relaxing)

.debug_loc
 *(.debug_loc)

.debug_macinfo
 *(.debug_macinfo)

.debug_weaknames
 *(.debug_weaknames)

.debug_funcnames
 *(.debug_funcnames)

.debug_typenames
 *(.debug_typenames)

.debug_varnames
 *(.debug_varnames)

.debug_pubtypes
 *(.debug_pubtypes)

.debug_ranges
 *(.debug_ranges)

.debug_addr
 *(.debug_addr)

.debug_line_str
 *(.debug_line_str)

.debug_loclists
 *(.debug_loclists)

.debug_macro    0x00000000      0xb6c
 *(.debug_macro)
 .debug_macro   0x00000000       0x24 ../src/safety_controller.o
 .debug_macro   0x00000024      0xad8 ../src/safety_controller.o
 .debug_macro   0x00000afc       0x22 ../src/safety_controller.o
 .debug_macro   0x00000b1e       0x24 ../src/startup.o
 .debug_macro   0x00000b42       0x2a ../src/winAMS_Spmc.o

.debug_names
 *(.debug_names)

.debug_rnglists
                0x00000000       0x7a
 *(.debug_rnglists)
 .debug_rnglists
                0x00000000       0x29 ../src/safety_controller.o
 .debug_rnglists
                0x00000029       0x14 ../src/startup.o
 .debug_rnglists
                0x0000003d       0x3d ../src/winAMS_Spmc.o

.debug_str_offsets
 *(.debug_str_offsets)

.debug_sup
 *(.debug_sup)

.ARM.attributes
                0x00000000       0x33
 *(.ARM.attributes)
 .ARM.attributes
                0x00000000       0x33 ../src/safety_controller.o
 .ARM.attributes
                0x00000033       0x33 ../src/startup.o
 .ARM.attributes
                0x00000066       0x33 ../src/winAMS_Spmc.o
 *(.gnu.attributes)

.note.gnu.arm.ident
 *(.note.gnu.arm.ident)

/DISCARD/
 *(.note.GNU-stack)
 *(.gnu_debuglink)
 *(.gnu.lto_*)
 *(.gnu_object_only)
OUTPUT(safety_controller.elf elf32-littlearm)
LOAD linker stubs
